'Route-bound breadcrumbs': 'https://github.com/thatobabusi/laravel-breadcrumbs#route-bound-breadcrumbs'
'Silencing breadcrumb exceptions': 'https://github.com/thatobabusi/laravel-breadcrumbs#configuration-file'
'Laravel Breadcrumbs documentation': 'https://github.com/thatobabusi/laravel-breadcrumbs#laravel-breadcrumbs'
